runs=100 cores=4 out=results_20260906_032529/
== E1
  E1 replicas_per_victim=1 XED        S=0.995 S_b=0.0 P_d=0.0 T_q=1.0 FPR=0.005  [391s]
  E1 replicas_per_victim=1 SIG_RANGE  S=0.9958 S_b=0.11 P_d=0.0 T_q=1.0 FPR=0.0036  [496s]
  E1 replicas_per_victim=1 NBHD_TRUST S=1.0 S_b=0.99 P_d=0.0 T_q=1.0 FPR=0.0015  [6019s]
  E1 replicas_per_victim=1 PROPOSED   S=1.0 S_b=1.0 P_d=0.0 T_q=1.0 FPR=0.0  [1025s]
  E1 replicas_per_victim=2 XED        S=0.995 S_b=0.0 P_d=1.0 T_q=132.64 FPR=0.005  [392s]
  E1 replicas_per_victim=2 SIG_RANGE  S=0.9959 S_b=0.06 P_d=1.0 T_q=1076.4639 FPR=0.0037  [500s]
  E1 replicas_per_victim=2 NBHD_TRUST S=0.9997 S_b=0.94 P_d=0.76 T_q= FPR=0.001  [6162s]
  E1 replicas_per_victim=2 PROPOSED   S=1.0 S_b=1.0 P_d=0.87 T_q=1436.7931 FPR=0.0  [1057s]
  E1 replicas_per_victim=3 XED        S=0.995 S_b=0.0 P_d=1.0 T_q=116.11 FPR=0.005  [401s]
  E1 replicas_per_victim=3 SIG_RANGE  S=0.9956 S_b=0.13 P_d=1.0 T_q=1160.967 FPR=0.004  [512s]
  E1 replicas_per_victim=3 NBHD_TRUST S=0.9991 S_b=0.82 P_d=0.86 T_q= FPR=0.0017  [6108s]
  E1 replicas_per_victim=3 PROPOSED   S=1.0 S_b=1.0 P_d=0.88 T_q=1543.9231 FPR=0.0  [1062s]
  E1 replicas_per_victim=4 XED        S=0.995 S_b=0.0 P_d=1.0 T_q=117.75 FPR=0.005  [404s]
  E1 replicas_per_victim=4 SIG_RANGE  S=0.9956 S_b=0.095 P_d=1.0 T_q=1152.3043 FPR=0.004  [524s]
  E1 replicas_per_victim=4 NBHD_TRUST S=0.999 S_b=0.79 P_d=0.88 T_q= FPR=0.0018  [6177s]
  E1 replicas_per_victim=4 PROPOSED   S=1.0 S_b=1.0 P_d=0.93 T_q=1567.2 FPR=0.0  [1072s]
  E1 replicas_per_victim=5 XED        S=0.995 S_b=0.0 P_d=1.0 T_q=111.74 FPR=0.005  [403s]
  E1 replicas_per_victim=5 SIG_RANGE  S=0.9953 S_b=0.0667 P_d=1.0 T_q=1173.4316 FPR=0.0042  [521s]
