runs=50 cores=4 out=results_20260908_175518/
== E2S
  E2S event_grow_time=1200 NBHD_TRUST S=0.9999 S_b=0.98 P_d=0.4 COV=0.0089 T_q= FPR=0.0001  [3253s]
  E2S event_grow_time=1200 PROPOSED   S=1.0 S_b=1.0 P_d=0.92 COV=0.6409 T_q= FPR=0.0  [566s]
  E2S event_grow_time=600 NBHD_TRUST S=1.0 S_b=1.0 P_d=0.4 COV=0.0074 T_q= FPR=0.0001  [3242s]
  E2S event_grow_time=600 PROPOSED   S=1.0 S_b=1.0 P_d=0.94 COV=0.7505 T_q=1858.0 FPR=0.0  [566s]
  E2S event_grow_time=300 NBHD_TRUST S=0.9999 S_b=0.98 P_d=0.5 COV=0.0139 T_q= FPR=0.0002  [3214s]
  E2S event_grow_time=300 PROPOSED   S=1.0 S_b=1.0 P_d=0.95 COV=0.7953 T_q=1812.3333 FPR=0.0  [566s]
  E2S event_grow_time=150 NBHD_TRUST S=1.0 S_b=1.0 P_d=0.58 COV=0.0127 T_q= FPR=0.0002  [3224s]
  E2S event_grow_time=150 PROPOSED   S=0.9999 S_b=1.0 P_d=0.98 COV=0.8597 T_q=1826.0 FPR=0.0001  [563s]
  E2S event_grow_time=75 NBHD_TRUST S=0.9998 S_b=0.96 P_d=0.64 COV=0.0162 T_q= FPR=0.0003  [3224s]
  E2S event_grow_time=75 PROPOSED   S=1.0 S_b=1.0 P_d=0.94 COV=0.8062 T_q=1816.8 FPR=0.0  [566s]
  saved results_20260908_175518/E2S.csv
== E9
  E9-kappa kappa=1.5 PROPOSED   S=0.8705 S_b=0.92 P_d=1.0 COV=0.9134 T_q=1722.0 FPR=0.0612  [571s]
  E9-kappa kappa=2.0 PROPOSED   S=0.9988 S_b=1.0 P_d=1.0 COV=0.9081 T_q=1809.0 FPR=0.0008  [566s]
  E9-kappa kappa=2.5 PROPOSED   S=1.0 S_b=1.0 P_d=0.95 COV=0.8354 T_q=1792.2 FPR=0.0  [563s]
  E9-kappa kappa=3.0 PROPOSED   S=1.0 S_b=1.0 P_d=0.85 COV=0.6045 T_q=1886.0 FPR=0.0  [569s]
  E9-kappa kappa=4.0 PROPOSED   S=1.0 S_b=1.0 P_d=0.67 COV=0.3435 T_q= FPR=0.0  [564s]
  E9-alpha alpha=0.1 PROPOSED   S=1.0 S_b=1.0 P_d=0.0 COV=0.0 T_q= FPR=0.0  [565s]
  E9-alpha alpha=0.2 PROPOSED   S=1.0 S_b=1.0 P_d=0.63 COV=0.2632 T_q= FPR=0.0  [567s]
  E9-alpha alpha=0.3 PROPOSED   S=1.0 S_b=1.0 P_d=0.97 COV=0.8091 T_q=1803.0 FPR=0.0  [565s]
  E9-alpha alpha=0.5 PROPOSED   S=0.9701 S_b=0.94 P_d=1.0 COV=0.9886 T_q=1645.069 FPR=0.0196  [573s]
  E9-alpha alpha=1.0 PROPOSED   S=0.6112 S_b=0.65 P_d=1.0 COV=0.7558 T_q= FPR=0.092  [581s]
  E9-delta delta=30 PROPOSED   S=0.9999 S_b=1.0 P_d=0.94 COV=0.7789 T_q=1901.6667 FPR=0.0002  [542s]
  E9-delta delta=60 PROPOSED   S=1.0 S_b=0.99 P_d=0.99 COV=0.8674 T_q=1919.3333 FPR=0.0  [557s]
  E9-delta delta=120 PROPOSED   S=1.0 S_b=1.0 P_d=0.98 COV=0.8548 T_q=1744.5 FPR=0.0  [565s]
  E9-delta delta=240 PROPOSED   S=1.0 S_b=1.0 P_d=0.95 COV=0.7632 T_q=1929.0 FPR=0.0  [573s]
  E9-delta delta=480 PROPOSED   S=1.0 S_b=1.0 P_d=0.97 COV=0.8047 T_q=1787.4 FPR=0.0  [582s]
  saved results_20260908_175518/E9.csv
done in 27487s
